Archive member included to satisfy reference by file (symbol)

/opt/st/stm32cubeide_1.3.0/plugins/com.st.stm32cube.ide.mcu.externaltools.gnu-tools-for-stm32.7-2018-q2-update.linux64_1.0.0.201904181610/tools/bin/../lib/gcc/arm-none-eabi/7.3.1/../../../../arm-none-eabi/lib/thumb/v7e-m/fpv4-sp/hard/libc_nano.a(lib_a-errno.o)
                              Core/Src/syscalls.o (__errno)
/opt/st/stm32cubeide_1.3.0/plugins/com.st.stm32cube.ide.mcu.externaltools.gnu-tools-for-stm32.7-2018-q2-update.linux64_1.0.0.201904181610/tools/bin/../lib/gcc/arm-none-eabi/7.3.1/../../../../arm-none-eabi/lib/thumb/v7e-m/fpv4-sp/hard/libc_nano.a(lib_a-exit.o)
                              /opt/st/stm32cubeide_1.3.0/plugins/com.st.stm32cube.ide.mcu.externaltools.gnu-tools-for-stm32.7-2018-q2-update.linux64_1.0.0.201904181610/tools/bin/../lib/gcc/arm-none-eabi/7.3.1/../../../../arm-none-eabi/lib/thumb/v7e-m/fpv4-sp/hard/crt0.o (exit)
/opt/st/stm32cubeide_1.3.0/plugins/com.st.stm32cube.ide.mcu.externaltools.gnu-tools-for-stm32.7-2018-q2-update.linux64_1.0.0.201904181610/tools/bin/../lib/gcc/arm-none-eabi/7.3.1/../../../../arm-none-eabi/lib/thumb/v7e-m/fpv4-sp/hard/libc_nano.a(lib_a-impure.o)
                              /opt/st/stm32cubeide_1.3.0/plugins/com.st.stm32cube.ide.mcu.externaltools.gnu-tools-for-stm32.7-2018-q2-update.linux64_1.0.0.201904181610/tools/bin/../lib/gcc/arm-none-eabi/7.3.1/../../../../arm-none-eabi/lib/thumb/v7e-m/fpv4-sp/hard/libc_nano.a(lib_a-exit.o) (_global_impure_ptr)
/opt/st/stm32cubeide_1.3.0/plugins/com.st.stm32cube.ide.mcu.externaltools.gnu-tools-for-stm32.7-2018-q2-update.linux64_1.0.0.201904181610/tools/bin/../lib/gcc/arm-none-eabi/7.3.1/../../../../arm-none-eabi/lib/thumb/v7e-m/fpv4-sp/hard/libc_nano.a(lib_a-init.o)
                              /opt/st/stm32cubeide_1.3.0/plugins/com.st.stm32cube.ide.mcu.externaltools.gnu-tools-for-stm32.7-2018-q2-update.linux64_1.0.0.201904181610/tools/bin/../lib/gcc/arm-none-eabi/7.3.1/../../../../arm-none-eabi/lib/thumb/v7e-m/fpv4-sp/hard/crt0.o (__libc_init_array)
/opt/st/stm32cubeide_1.3.0/plugins/com.st.stm32cube.ide.mcu.externaltools.gnu-tools-for-stm32.7-2018-q2-update.linux64_1.0.0.201904181610/tools/bin/../lib/gcc/arm-none-eabi/7.3.1/../../../../arm-none-eabi/lib/thumb/v7e-m/fpv4-sp/hard/libc_nano.a(lib_a-memset.o)
                              /opt/st/stm32cubeide_1.3.0/plugins/com.st.stm32cube.ide.mcu.externaltools.gnu-tools-for-stm32.7-2018-q2-update.linux64_1.0.0.201904181610/tools/bin/../lib/gcc/arm-none-eabi/7.3.1/../../../../arm-none-eabi/lib/thumb/v7e-m/fpv4-sp/hard/crt0.o (memset)
/opt/st/stm32cubeide_1.3.0/plugins/com.st.stm32cube.ide.mcu.externaltools.gnu-tools-for-stm32.7-2018-q2-update.linux64_1.0.0.201904181610/tools/bin/../lib/gcc/arm-none-eabi/7.3.1/thumb/v7e-m/fpv4-sp/hard/libgcc.a(_aeabi_uldivmod.o)
                              Drivers/STM32F4xx_HAL_Driver/Src/stm32f4xx_hal_rcc.o (__aeabi_uldivmod)
/opt/st/stm32cubeide_1.3.0/plugins/com.st.stm32cube.ide.mcu.externaltools.gnu-tools-for-stm32.7-2018-q2-update.linux64_1.0.0.201904181610/tools/bin/../lib/gcc/arm-none-eabi/7.3.1/thumb/v7e-m/fpv4-sp/hard/libgcc.a(_udivmoddi4.o)
                              /opt/st/stm32cubeide_1.3.0/plugins/com.st.stm32cube.ide.mcu.externaltools.gnu-tools-for-stm32.7-2018-q2-update.linux64_1.0.0.201904181610/tools/bin/../lib/gcc/arm-none-eabi/7.3.1/thumb/v7e-m/fpv4-sp/hard/libgcc.a(_aeabi_uldivmod.o) (__udivmoddi4)
/opt/st/stm32cubeide_1.3.0/plugins/com.st.stm32cube.ide.mcu.externaltools.gnu-tools-for-stm32.7-2018-q2-update.linux64_1.0.0.201904181610/tools/bin/../lib/gcc/arm-none-eabi/7.3.1/thumb/v7e-m/fpv4-sp/hard/libgcc.a(_dvmd_tls.o)
                              /opt/st/stm32cubeide_1.3.0/plugins/com.st.stm32cube.ide.mcu.externaltools.gnu-tools-for-stm32.7-2018-q2-update.linux64_1.0.0.201904181610/tools/bin/../lib/gcc/arm-none-eabi/7.3.1/thumb/v7e-m/fpv4-sp/hard/libgcc.a(_aeabi_uldivmod.o) (__aeabi_ldiv0)

Allocating common symbols
Common symbol       size              file

p                   0x4               Core/Src/PWM.o
htim8               0x40              Core/Src/main.o
converter2          0x16              Core/Src/Manager.o
transfer_length     0x1               Core/Src/stm32f4xx_it.o
uwTick              0x4               Drivers/STM32F4xx_HAL_Driver/Src/stm32f4xx_hal.o
pFlash              0x20              Drivers/STM32F4xx_HAL_Driver/Src/stm32f4xx_hal_flash.o
next_mode           0x1               Core/Src/stm32f4xx_it.o
i                   0x1               Core/Src/Manager.o
converter1          0x16              Core/Src/Manager.o
htim1               0x40              Core/Src/main.o
buf                 0x14              Core/Src/stm32f4xx_it.o
huart2              0x40              Core/Src/main.o
ret                 0x1               Core/Src/Manager.o
cmd                 0x1               Core/Src/stm32f4xx_it.o

Discarded input sections

[...]
Memory Configuration

Name             Origin             Length             Attributes
RAM              0x0000000020000000 0x0000000000020000 xrw
FLASH            0x0000000008000000 0x0000000000080000 xr
*default*        0x0000000000000000 0xffffffffffffffff

Linker script and memory map

LOAD /opt/st/stm32cubeide_1.3.0/plugins/com.st.stm32cube.ide.mcu.externaltools.gnu-tools-for-stm32.7-2018-q2-update.linux64_1.0.0.201904181610/tools/bin/../lib/gcc/arm-none-eabi/7.3.1/thumb/v7e-m/fpv4-sp/hard/crti.o
LOAD /opt/st/stm32cubeide_1.3.0/plugins/com.st.stm32cube.ide.mcu.externaltools.gnu-tools-for-stm32.7-2018-q2-update.linux64_1.0.0.201904181610/tools/bin/../lib/gcc/arm-none-eabi/7.3.1/thumb/v7e-m/fpv4-sp/hard/crtbegin.o
LOAD /opt/st/stm32cubeide_1.3.0/plugins/com.st.stm32cube.ide.mcu.externaltools.gnu-tools-for-stm32.7-2018-q2-update.linux64_1.0.0.201904181610/tools/bin/../lib/gcc/arm-none-eabi/7.3.1/../../../../arm-none-eabi/lib/thumb/v7e-m/fpv4-sp/hard/crt0.o
LOAD Core/Src/Manager.o
LOAD Core/Src/PWM.o
LOAD Core/Src/Timers.o
LOAD Core/Src/main.o
LOAD Core/Src/stm32f4xx_hal_msp.o
LOAD Core/Src/stm32f4xx_it.o
LOAD Core/Src/syscalls.o
LOAD Core/Src/sysmem.o
LOAD Core/Src/system_stm32f4xx.o
LOAD Core/Startup/startup_stm32f446retx.o
LOAD Drivers/STM32F4xx_HAL_Driver/Src/stm32f4xx_hal.o
LOAD Drivers/STM32F4xx_HAL_Driver/Src/stm32f4xx_hal_cortex.o
LOAD Drivers/STM32F4xx_HAL_Driver/Src/stm32f4xx_hal_dma.o
LOAD Drivers/STM32F4xx_HAL_Driver/Src/stm32f4xx_hal_dma_ex.o
LOAD Drivers/STM32F4xx_HAL_Driver/Src/stm32f4xx_hal_exti.o
LOAD Drivers/STM32F4xx_HAL_Driver/Src/stm32f4xx_hal_flash.o
LOAD Drivers/STM32F4xx_HAL_Driver/Src/stm32f4xx_hal_flash_ex.o
LOAD Drivers/STM32F4xx_HAL_Driver/Src/stm32f4xx_hal_flash_ramfunc.o
LOAD Drivers/STM32F4xx_HAL_Driver/Src/stm32f4xx_hal_gpio.o
LOAD Drivers/STM32F4xx_HAL_Driver/Src/stm32f4xx_hal_pwr.o
LOAD Drivers/STM32F4xx_HAL_Driver/Src/stm32f4xx_hal_pwr_ex.o
LOAD Drivers/STM32F4xx_HAL_Driver/Src/stm32f4xx_hal_rcc.o
LOAD Drivers/STM32F4xx_HAL_Driver/Src/stm32f4xx_hal_rcc_ex.o
LOAD Drivers/STM32F4xx_HAL_Driver/Src/stm32f4xx_hal_tim.o
LOAD Drivers/STM32F4xx_HAL_Driver/Src/stm32f4xx_hal_tim_ex.o
LOAD Drivers/STM32F4xx_HAL_Driver/Src/stm32f4xx_hal_uart.o
START GROUP
LOAD /opt/st/stm32cubeide_1.3.0/plugins/com.st.stm32cube.ide.mcu.externaltools.gnu-tools-for-stm32.7-2018-q2-update.linux64_1.0.0.201904181610/tools/bin/../lib/gcc/arm-none-eabi/7.3.1/../../../../arm-none-eabi/lib/thumb/v7e-m/fpv4-sp/hard/libc_nano.a
LOAD /opt/st/stm32cubeide_1.3.0/plugins/com.st.stm32cube.ide.mcu.externaltools.gnu-tools-for-stm32.7-2018-q2-update.linux64_1.0.0.201904181610/tools/bin/../lib/gcc/arm-none-eabi/7.3.1/../../../../arm-none-eabi/lib/thumb/v7e-m/fpv4-sp/hard/libm.a
END GROUP
START GROUP
LOAD /opt/st/stm32cubeide_1.3.0/plugins/com.st.stm32cube.ide.mcu.externaltools.gnu-tools-for-stm32.7-2018-q2-update.linux64_1.0.0.201904181610/tools/bin/../lib/gcc/arm-none-eabi/7.3.1/thumb/v7e-m/fpv4-sp/hard/libgcc.a
LOAD /opt/st/stm32cubeide_1.3.0/plugins/com.st.stm32cube.ide.mcu.externaltools.gnu-tools-for-stm32.7-2018-q2-update.linux64_1.0.0.201904181610/tools/bin/../lib/gcc/arm-none-eabi/7.3.1/../../../../arm-none-eabi/lib/thumb/v7e-m/fpv4-sp/hard/libc_nano.a
END GROUP
START GROUP
LOAD /opt/st/stm32cubeide_1.3.0/plugins/com.st.stm32cube.ide.mcu.externaltools.gnu-tools-for-stm32.7-2018-q2-update.linux64_1.0.0.201904181610/tools/bin/../lib/gcc/arm-none-eabi/7.3.1/thumb/v7e-m/fpv4-sp/hard/libgcc.a
LOAD /opt/st/stm32cubeide_1.3.0/plugins/com.st.stm32cube.ide.mcu.externaltools.gnu-tools-for-stm32.7-2018-q2-update.linux64_1.0.0.201904181610/tools/bin/../lib/gcc/arm-none-eabi/7.3.1/../../../../arm-none-eabi/lib/thumb/v7e-m/fpv4-sp/hard/libc_nano.a
LOAD /opt/st/stm32cubeide_1.3.0/plugins/com.st.stm32cube.ide.mcu.externaltools.gnu-tools-for-stm32.7-2018-q2-update.linux64_1.0.0.201904181610/tools/bin/../lib/gcc/arm-none-eabi/7.3.1/../../../../arm-none-eabi/lib/thumb/v7e-m/fpv4-sp/hard/libnosys.a
END GROUP
START GROUP
LOAD /opt/st/stm32cubeide_1.3.0/plugins/com.st.stm32cube.ide.mcu.externaltools.gnu-tools-for-stm32.7-2018-q2-update.linux64_1.0.0.201904181610/tools/bin/../lib/gcc/arm-none-eabi/7.3.1/thumb/v7e-m/fpv4-sp/hard/libgcc.a
LOAD /opt/st/stm32cubeide_1.3.0/plugins/com.st.stm32cube.ide.mcu.externaltools.gnu-tools-for-stm32.7-2018-q2-update.linux64_1.0.0.201904181610/tools/bin/../lib/gcc/arm-none-eabi/7.3.1/../../../../arm-none-eabi/lib/thumb/v7e-m/fpv4-sp/hard/libc_nano.a
LOAD /opt/st/stm32cubeide_1.3.0/plugins/com.st.stm32cube.ide.mcu.externaltools.gnu-tools-for-stm32.7-2018-q2-update.linux64_1.0.0.201904181610/tools/bin/../lib/gcc/arm-none-eabi/7.3.1/../../../../arm-none-eabi/lib/thumb/v7e-m/fpv4-sp/hard/libnosys.a
END GROUP
LOAD /opt/st/stm32cubeide_1.3.0/plugins/com.st.stm32cube.ide.mcu.externaltools.gnu-tools-for-stm32.7-2018-q2-update.linux64_1.0.0.201904181610/tools/bin/../lib/gcc/arm-none-eabi/7.3.1/thumb/v7e-m/fpv4-sp/hard/crtend.o
LOAD /opt/st/stm32cubeide_1.3.0/plugins/com.st.stm32cube.ide.mcu.externaltools.gnu-tools-for-stm32.7-2018-q2-update.linux64_1.0.0.201904181610/tools/bin/../lib/gcc/arm-none-eabi/7.3.1/thumb/v7e-m/fpv4-sp/hard/crtn.o
                0x0000000020020000                _estack = (ORIGIN (RAM) + LENGTH (RAM))
                0x0000000000000200                _Min_Heap_Size = 0x200
                0x0000000000000400                _Min_Stack_Size = 0x400

.isr_vector     0x0000000008000000      0x1c4
                0x0000000008000000                . = ALIGN (0x4)
 *(.isr_vector)
 .isr_vector    0x0000000008000000      0x1c4 Core/Startup/startup_stm32f446retx.o
                0x0000000008000000                g_pfnVectors
                0x00000000080001c4                . = ALIGN (0x4)

.text           0x00000000080001c4     0x3af0
                0x00000000080001c4                . = ALIGN (0x4)
 *(.text)
 .text          0x00000000080001c4       0x40 /opt/st/stm32cubeide_1.3.0/plugins/com.st.stm32cube.ide.mcu.externaltools.gnu-tools-for-stm32.7-2018-q2-update.linux64_1.0.0.201904181610/tools/bin/../lib/gcc/arm-none-eabi/7.3.1/thumb/v7e-m/fpv4-sp/hard/crtbegin.o
 .text          0x0000000008000204       0x30 /opt/st/stm32cubeide_1.3.0/plugins/com.st.stm32cube.ide.mcu.externaltools.gnu-tools-for-stm32.7-2018-q2-update.linux64_1.0.0.201904181610/tools/bin/../lib/gcc/arm-none-eabi/7.3.1/thumb/v7e-m/fpv4-sp/hard/libgcc.a(_aeabi_uldivmod.o)
                0x0000000008000204                __aeabi_uldivmod
 .text          0x0000000008000234      0x2cc /opt/st/stm32cubeide_1.3.0/plugins/com.st.stm32cube.ide.mcu.externaltools.gnu-tools-for-stm32.7-2018-q2-update.linux64_1.0.0.201904181610/tools/bin/../lib/gcc/arm-none-eabi/7.3.1/thumb/v7e-m/fpv4-sp/hard/libgcc.a(_udivmoddi4.o)
                0x0000000008000234                __udivmoddi4
 .text          0x0000000008000500        0x4 /opt/st/stm32cubeide_1.3.0/plugins/com.st.stm32cube.ide.mcu.externaltools.gnu-tools-for-stm32.7-2018-q2-update.linux64_1.0.0.201904181610/tools/bin/../lib/gcc/arm-none-eabi/7.3.1/thumb/v7e-m/fpv4-sp/hard/libgcc.a(_dvmd_tls.o)
                0x0000000008000500                __aeabi_ldiv0
                0x0000000008000500                __aeabi_idiv0
 *(.text*)
 .text.command_resolve
                0x0000000008000504      0x2c0 Core/Src/Manager.o
                0x0000000008000504                command_resolve
 .text.Manager_init
                0x00000000080007c4       0x18 Core/Src/Manager.o
                0x00000000080007c4                Manager_init
 .text.set_bit_STAREG
                0x00000000080007dc       0x50 Core/Src/Manager.o
                0x00000000080007dc                set_bit_STAREG
 .text.clear_bit_STAREG
                0x000000000800082c       0x64 Core/Src/Manager.o
                0x000000000800082c                clear_bit_STAREG
 .text.update_system
                0x0000000008000890       0xd0 Core/Src/Manager.o
                0x0000000008000890                update_system
 .text.start_pwm
                0x0000000008000960       0xc4 Core/Src/PWM.o
                0x0000000008000960                start_pwm
 .text.stop_pwm
                0x0000000008000a24       0x90 Core/Src/PWM.o
                0x0000000008000a24                stop_pwm
 .text.update_duty
                0x0000000008000ab4       0x50 Core/Src/PWM.o
                0x0000000008000ab4                update_duty
 .text.main     0x0000000008000b04       0x34 Core/Src/main.o
                0x0000000008000b04                main
 .text.SystemClock_Config
                0x0000000008000b38       0xd8 Core/Src/main.o
                0x0000000008000b38                SystemClock_Config
 .text.MX_TIM1_Init
                0x0000000008000c10      0x13c Core/Src/main.o
 .text.MX_TIM8_Init
                0x0000000008000d4c      0x13c Core/Src/main.o
 .text.MX_USART2_UART_Init
                0x0000000008000e88       0x54 Core/Src/main.o
 .text.MX_GPIO_Init
                0x0000000008000edc       0xd4 Core/Src/main.o
 .text.USART1_IRQHandler
                0x0000000008000fb0        0xe Core/Src/main.o
                0x0000000008000fb0                USART1_IRQHandler
 .text.Error_Handler
                0x0000000008000fbe        0xe Core/Src/main.o
                0x0000000008000fbe                Error_Handler
 .text.HAL_MspInit
                0x0000000008000fcc       0x50 Core/Src/stm32f4xx_hal_msp.o
                0x0000000008000fcc                HAL_MspInit
 .text.HAL_TIM_Base_MspInit
                0x000000000800101c       0xbc Core/Src/stm32f4xx_hal_msp.o
                0x000000000800101c                HAL_TIM_Base_MspInit
 .text.HAL_TIM_MspPostInit
                0x00000000080010d8       0xc8 Core/Src/stm32f4xx_hal_msp.o
                0x00000000080010d8                HAL_TIM_MspPostInit
 .text.HAL_UART_MspInit
                0x00000000080011a0       0xa0 Core/Src/stm32f4xx_hal_msp.o
                0x00000000080011a0                HAL_UART_MspInit
 .text.NMI_Handler
                0x0000000008001240        0xe Core/Src/stm32f4xx_it.o
                0x0000000008001240                NMI_Handler
 .text.HardFault_Handler
                0x000000000800124e        0x6 Core/Src/stm32f4xx_it.o
                0x000000000800124e                HardFault_Handler
 .text.MemManage_Handler
                0x0000000008001254        0x6 Core/Src/stm32f4xx_it.o
                0x0000000008001254                MemManage_Handler
 .text.BusFault_Handler
                0x000000000800125a        0x6 Core/Src/stm32f4xx_it.o
                0x000000000800125a                BusFault_Handler
 .text.UsageFault_Handler
                0x0000000008001260        0x6 Core/Src/stm32f4xx_it.o
                0x0000000008001260                UsageFault_Handler
 .text.SVC_Handler
                0x0000000008001266        0xe Core/Src/stm32f4xx_it.o
                0x0000000008001266                SVC_Handler
 .text.DebugMon_Handler
                0x0000000008001274        0xe Core/Src/stm32f4xx_it.o
                0x0000000008001274                DebugMon_Handler
 .text.PendSV_Handler
                0x0000000008001282        0xe Core/Src/stm32f4xx_it.o
                0x0000000008001282                PendSV_Handler
 .text.SysTick_Handler
                0x0000000008001290        0xe Core/Src/stm32f4xx_it.o
                0x0000000008001290                SysTick_Handler
 *fill*         0x000000000800129e        0x2 
 .text.USART2_IRQHandler
                0x00000000080012a0       0x14 Core/Src/stm32f4xx_it.o
                0x00000000080012a0                USART2_IRQHandler
 .text.EXTI15_10_IRQHandler
                0x00000000080012b4        0xe Core/Src/stm32f4xx_it.o
                0x00000000080012b4                EXTI15_10_IRQHandler
 *fill*         0x00000000080012c2        0x2 
 .text.HAL_UART_RxCpltCallback
                0x00000000080012c4       0x70 Core/Src/stm32f4xx_it.o
                0x00000000080012c4                HAL_UART_RxCpltCallback
 .text.HAL_UART_TxCpltCallback
                0x0000000008001334       0x3c Core/Src/stm32f4xx_it.o
                0x0000000008001334                HAL_UART_TxCpltCallback
 .text.SystemInit
                0x0000000008001370       0x2c Core/Src/system_stm32f4xx.o
                0x0000000008001370                SystemInit
 .text.Reset_Handler
                0x000000000800139c       0x50 Core/Startup/startup_stm32f446retx.o
                0x000000000800139c                Reset_Handler
 .text.Default_Handler
                0x00000000080013ec        0x2 Core/Startup/startup_stm32f446retx.o
                0x00000000080013ec                RTC_Alarm_IRQHandler
                0x00000000080013ec                EXTI2_IRQHandler
                0x00000000080013ec                TIM8_CC_IRQHandler
                0x00000000080013ec                FMPI2C1_EV_IRQHandler
                0x00000000080013ec                SPI4_IRQHandler
                0x00000000080013ec                TIM1_CC_IRQHandler
                0x00000000080013ec                DMA2_Stream5_IRQHandler
                0x00000000080013ec                DMA1_Stream5_IRQHandler
                0x00000000080013ec                PVD_IRQHandler
                0x00000000080013ec                SDIO_IRQHandler
                0x00000000080013ec                TAMP_STAMP_IRQHandler
                0x00000000080013ec                CAN2_RX1_IRQHandler
                0x00000000080013ec                EXTI3_IRQHandler
                0x00000000080013ec                TIM8_TRG_COM_TIM14_IRQHandler
                0x00000000080013ec                TIM1_UP_TIM10_IRQHandler
                0x00000000080013ec                TIM8_UP_TIM13_IRQHandler
                0x00000000080013ec                I2C3_ER_IRQHandler
                0x00000000080013ec                EXTI0_IRQHandler
                0x00000000080013ec                I2C2_EV_IRQHandler
                0x00000000080013ec                DMA1_Stream2_IRQHandler
                0x00000000080013ec                CAN1_RX0_IRQHandler
                0x00000000080013ec                FPU_IRQHandler
                0x00000000080013ec                OTG_HS_WKUP_IRQHandler
                0x00000000080013ec                CAN2_SCE_IRQHandler
                0x00000000080013ec                DMA2_Stream2_IRQHandler
                0x00000000080013ec                SPI1_IRQHandler
                0x00000000080013ec                TIM6_DAC_IRQHandler
                0x00000000080013ec                TIM1_BRK_TIM9_IRQHandler
                0x00000000080013ec                DCMI_IRQHandler
                0x00000000080013ec                CAN2_RX0_IRQHandler
                0x00000000080013ec                DMA2_Stream3_IRQHandler
                0x00000000080013ec                SAI2_IRQHandler
                0x00000000080013ec                USART6_IRQHandler
                0x00000000080013ec                USART3_IRQHandler
                0x00000000080013ec                CAN1_RX1_IRQHandler
                0x00000000080013ec                UART5_IRQHandler
                0x00000000080013ec                DMA2_Stream0_IRQHandler
                0x00000000080013ec                TIM4_IRQHandler
                0x00000000080013ec                QUADSPI_IRQHandler
                0x00000000080013ec                I2C1_EV_IRQHandler
                0x00000000080013ec                DMA1_Stream6_IRQHandler
                0x00000000080013ec                DMA1_Stream1_IRQHandler
                0x00000000080013ec                UART4_IRQHandler
                0x00000000080013ec                TIM3_IRQHandler
                0x00000000080013ec                RCC_IRQHandler
                0x00000000080013ec                TIM8_BRK_TIM12_IRQHandler
                0x00000000080013ec                Default_Handler
                0x00000000080013ec                CEC_IRQHandler
                0x00000000080013ec                ADC_IRQHandler
                0x00000000080013ec                DMA1_Stream7_IRQHandler
                0x00000000080013ec                TIM7_IRQHandler
                0x00000000080013ec                CAN2_TX_IRQHandler
                0x00000000080013ec                TIM5_IRQHandler
                0x00000000080013ec                DMA2_Stream7_IRQHandler
                0x00000000080013ec                I2C3_EV_IRQHandler
                0x00000000080013ec                EXTI9_5_IRQHandler
                0x00000000080013ec                RTC_WKUP_IRQHandler
                0x00000000080013ec                SPDIF_RX_IRQHandler
                0x00000000080013ec                SPI2_IRQHandler
                0x00000000080013ec                OTG_HS_EP1_IN_IRQHandler
                0x00000000080013ec                DMA1_Stream0_IRQHandler
                0x00000000080013ec                CAN1_TX_IRQHandler
                0x00000000080013ec                FMPI2C1_ER_IRQHandler
                0x00000000080013ec                EXTI4_IRQHandler
                0x00000000080013ec                OTG_HS_EP1_OUT_IRQHandler
                0x00000000080013ec                WWDG_IRQHandler
                0x00000000080013ec                TIM2_IRQHandler
                0x00000000080013ec                OTG_FS_WKUP_IRQHandler
                0x00000000080013ec                TIM1_TRG_COM_TIM11_IRQHandler
                0x00000000080013ec                OTG_HS_IRQHandler
                0x00000000080013ec                EXTI1_IRQHandler
                0x00000000080013ec                I2C2_ER_IRQHandler
                0x00000000080013ec                DMA2_Stream1_IRQHandler
                0x00000000080013ec                CAN1_SCE_IRQHandler
                0x00000000080013ec                FLASH_IRQHandler
                0x00000000080013ec                DMA2_Stream4_IRQHandler
                0x00000000080013ec                OTG_FS_IRQHandler
                0x00000000080013ec                SPI3_IRQHandler
                0x00000000080013ec                DMA1_Stream4_IRQHandler
                0x00000000080013ec                I2C1_ER_IRQHandler
                0x00000000080013ec                FMC_IRQHandler
                0x00000000080013ec                DMA2_Stream6_IRQHandler
                0x00000000080013ec                SAI1_IRQHandler
                0x00000000080013ec                DMA1_Stream3_IRQHandler
 *fill*         0x00000000080013ee        0x2 
 .text.HAL_Init
                0x00000000080013f0       0x44 Drivers/STM32F4xx_HAL_Driver/Src/stm32f4xx_hal.o
                0x00000000080013f0                HAL_Init
 .text.HAL_InitTick
                0x0000000008001434       0x60 Drivers/STM32F4xx_HAL_Driver/Src/stm32f4xx_hal.o
                0x0000000008001434                HAL_InitTick
 .text.HAL_GetTick
                0x0000000008001494       0x18 Drivers/STM32F4xx_HAL_Driver/Src/stm32f4xx_hal.o
                0x0000000008001494                HAL_GetTick
 .text.__NVIC_SetPriorityGrouping
                0x00000000080014ac       0x48 Drivers/STM32F4xx_HAL_Driver/Src/stm32f4xx_hal_cortex.o
 .text.__NVIC_GetPriorityGrouping
                0x00000000080014f4       0x1c Drivers/STM32F4xx_HAL_Driver/Src/stm32f4xx_hal_cortex.o
 .text.__NVIC_EnableIRQ
                0x0000000008001510       0x3c Drivers/STM32F4xx_HAL_Driver/Src/stm32f4xx_hal_cortex.o
 .text.__NVIC_SetPriority
                0x000000000800154c       0x54 Drivers/STM32F4xx_HAL_Driver/Src/stm32f4xx_hal_cortex.o
 .text.NVIC_EncodePriority
                0x00000000080015a0       0x66 Drivers/STM32F4xx_HAL_Driver/Src/stm32f4xx_hal_cortex.o
 *fill*         0x0000000008001606        0x2 
 .text.SysTick_Config
                0x0000000008001608       0x44 Drivers/STM32F4xx_HAL_Driver/Src/stm32f4xx_hal_cortex.o
 .text.HAL_NVIC_SetPriorityGrouping
                0x000000000800164c       0x16 Drivers/STM32F4xx_HAL_Driver/Src/stm32f4xx_hal_cortex.o
                0x000000000800164c                HAL_NVIC_SetPriorityGrouping
 .text.HAL_NVIC_SetPriority
                0x0000000008001662       0x38 Drivers/STM32F4xx_HAL_Driver/Src/stm32f4xx_hal_cortex.o
                0x0000000008001662                HAL_NVIC_SetPriority
 .text.HAL_NVIC_EnableIRQ
                0x000000000800169a       0x1c Drivers/STM32F4xx_HAL_Driver/Src/stm32f4xx_hal_cortex.o
                0x000000000800169a                HAL_NVIC_EnableIRQ
 .text.HAL_SYSTICK_Config
                0x00000000080016b6       0x18 Drivers/STM32F4xx_HAL_Driver/Src/stm32f4xx_hal_cortex.o
                0x00000000080016b6                HAL_SYSTICK_Config
 .text.HAL_DMA_Abort_IT
                0x00000000080016ce       0x44 Drivers/STM32F4xx_HAL_Driver/Src/stm32f4xx_hal_dma.o
                0x00000000080016ce                HAL_DMA_Abort_IT
 *fill*         0x0000000008001712        0x2 
 .text.HAL_GPIO_Init
                0x0000000008001714      0x324 Drivers/STM32F4xx_HAL_Driver/Src/stm32f4xx_hal_gpio.o
                0x0000000008001714                HAL_GPIO_Init
 .text.HAL_GPIO_WritePin
                0x0000000008001a38       0x32 Drivers/STM32F4xx_HAL_Driver/Src/stm32f4xx_hal_gpio.o
                0x0000000008001a38                HAL_GPIO_WritePin
 *fill*         0x0000000008001a6a        0x2 
 .text.HAL_RCC_ClockConfig
                0x0000000008001a6c      0x1cc Drivers/STM32F4xx_HAL_Driver/Src/stm32f4xx_hal_rcc.o
                0x0000000008001a6c                HAL_RCC_ClockConfig
 .text.HAL_RCC_GetHCLKFreq
                0x0000000008001c38       0x18 Drivers/STM32F4xx_HAL_Driver/Src/stm32f4xx_hal_rcc.o
                0x0000000008001c38                HAL_RCC_GetHCLKFreq
 .text.HAL_RCC_GetPCLK1Freq
                0x0000000008001c50       0x28 Drivers/STM32F4xx_HAL_Driver/Src/stm32f4xx_hal_rcc.o
                0x0000000008001c50                HAL_RCC_GetPCLK1Freq
 .text.HAL_RCC_GetPCLK2Freq
                0x0000000008001c78       0x28 Drivers/STM32F4xx_HAL_Driver/Src/stm32f4xx_hal_rcc.o
                0x0000000008001c78                HAL_RCC_GetPCLK2Freq
 .text.HAL_RCC_GetSysClockFreq
                0x0000000008001ca0      0x2a4 Drivers/STM32F4xx_HAL_Driver/Src/stm32f4xx_hal_rcc_ex.o
                0x0000000008001ca0                HAL_RCC_GetSysClockFreq
 .text.HAL_RCC_OscConfig
                0x0000000008001f44      0x4b4 Drivers/STM32F4xx_HAL_Driver/Src/stm32f4xx_hal_rcc_ex.o
                0x0000000008001f44                HAL_RCC_OscConfig
 .text.HAL_TIM_Base_Init
                0x00000000080023f8       0x56 Drivers/STM32F4xx_HAL_Driver/Src/stm32f4xx_hal_tim.o
                0x00000000080023f8                HAL_TIM_Base_Init
 .text.HAL_TIM_PWM_Init
                0x000000000800244e       0x56 Drivers/STM32F4xx_HAL_Driver/Src/stm32f4xx_hal_tim.o
                0x000000000800244e                HAL_TIM_PWM_Init
 .text.HAL_TIM_PWM_MspInit
                0x00000000080024a4       0x14 Drivers/STM32F4xx_HAL_Driver/Src/stm32f4xx_hal_tim.o
                0x00000000080024a4                HAL_TIM_PWM_MspInit
 .text.HAL_TIM_PWM_ConfigChannel
                0x00000000080024b8      0x18c Drivers/STM32F4xx_HAL_Driver/Src/stm32f4xx_hal_tim.o
                0x00000000080024b8                HAL_TIM_PWM_ConfigChannel
 .text.HAL_TIM_ConfigClockSource
                0x0000000008002644      0x16e Drivers/STM32F4xx_HAL_Driver/Src/stm32f4xx_hal_tim.o
                0x0000000008002644                HAL_TIM_ConfigClockSource
 *fill*         0x00000000080027b2        0x2 
 .text.TIM_Base_SetConfig
                0x00000000080027b4      0x140 Drivers/STM32F4xx_HAL_Driver/Src/stm32f4xx_hal_tim.o
                0x00000000080027b4                TIM_Base_SetConfig
 .text.TIM_OC1_SetConfig
                0x00000000080028f4       0xe0 Drivers/STM32F4xx_HAL_Driver/Src/stm32f4xx_hal_tim.o
 .text.TIM_OC2_SetConfig
                0x00000000080029d4       0xec Drivers/STM32F4xx_HAL_Driver/Src/stm32f4xx_hal_tim.o
                0x00000000080029d4                TIM_OC2_SetConfig
 .text.TIM_OC3_SetConfig
                0x0000000008002ac0       0xe8 Drivers/STM32F4xx_HAL_Driver/Src/stm32f4xx_hal_tim.o
 .text.TIM_OC4_SetConfig
                0x0000000008002ba8       0xac Drivers/STM32F4xx_HAL_Driver/Src/stm32f4xx_hal_tim.o
 .text.TIM_TI1_ConfigInputStage
                0x0000000008002c54       0x5e Drivers/STM32F4xx_HAL_Driver/Src/stm32f4xx_hal_tim.o
 .text.TIM_TI2_ConfigInputStage
                0x0000000008002cb2       0x60 Drivers/STM32F4xx_HAL_Driver/Src/stm32f4xx_hal_tim.o
 .text.TIM_ITRx_SetConfig
                0x0000000008002d12       0x36 Drivers/STM32F4xx_HAL_Driver/Src/stm32f4xx_hal_tim.o
 .text.TIM_ETR_SetConfig
                0x0000000008002d48       0x40 Drivers/STM32F4xx_HAL_Driver/Src/stm32f4xx_hal_tim.o
                0x0000000008002d48                TIM_ETR_SetConfig
 .text.HAL_TIMEx_MasterConfigSynchronization
                0x0000000008002d88       0xf8 Drivers/STM32F4xx_HAL_Driver/Src/stm32f4xx_hal_tim_ex.o
                0x0000000008002d88                HAL_TIMEx_MasterConfigSynchronization
 .text.HAL_TIMEx_ConfigBreakDeadTime
                0x0000000008002e80       0xa4 Drivers/STM32F4xx_HAL_Driver/Src/stm32f4xx_hal_tim_ex.o
                0x0000000008002e80                HAL_TIMEx_ConfigBreakDeadTime
 .text.HAL_UART_Init
                0x0000000008002f24       0x9a Drivers/STM32F4xx_HAL_Driver/Src/stm32f4xx_hal_uart.o
                0x0000000008002f24                HAL_UART_Init
 .text.HAL_UART_Transmit_IT
                0x0000000008002fbe       0x8a Drivers/STM32F4xx_HAL_Driver/Src/stm32f4xx_hal_uart.o
                0x0000000008002fbe                HAL_UART_Transmit_IT
 .text.HAL_UART_Receive_IT
                0x0000000008003048       0xaa Drivers/STM32F4xx_HAL_Driver/Src/stm32f4xx_hal_uart.o
                0x0000000008003048                HAL_UART_Receive_IT
 *fill*         0x00000000080030f2        0x2 
 .text.HAL_UART_IRQHandler
                0x00000000080030f4      0x200 Drivers/STM32F4xx_HAL_Driver/Src/stm32f4xx_hal_uart.o
                0x00000000080030f4                HAL_UART_IRQHandler
 .text.HAL_UART_ErrorCallback
                0x00000000080032f4       0x14 Drivers/STM32F4xx_HAL_Driver/Src/stm32f4xx_hal_uart.o
                0x00000000080032f4                HAL_UART_ErrorCallback
 .text.UART_EndRxTransfer
                0x0000000008003308       0x3c Drivers/STM32F4xx_HAL_Driver/Src/stm32f4xx_hal_uart.o
 .text.UART_DMAAbortOnError
                0x0000000008003344       0x28 Drivers/STM32F4xx_HAL_Driver/Src/stm32f4xx_hal_uart.o
 .text.UART_Transmit_IT
                0x000000000800336c       0xac Drivers/STM32F4xx_HAL_Driver/Src/stm32f4xx_hal_uart.o
 .text.UART_EndTransmit_IT
                0x0000000008003418       0x30 Drivers/STM32F4xx_HAL_Driver/Src/stm32f4xx_hal_uart.o
 .text.UART_Receive_IT
                0x0000000008003448      0x102 Drivers/STM32F4xx_HAL_Driver/Src/stm32f4xx_hal_uart.o
 *fill*         0x000000000800354a        0x2 
 .text.UART_SetConfig
                0x000000000800354c      0x6f8 Drivers/STM32F4xx_HAL_Driver/Src/stm32f4xx_hal_uart.o
 .text.__libc_init_array
                0x0000000008003c44       0x48 /opt/st/stm32cubeide_1.3.0/plugins/com.st.stm32cube.ide.mcu.externaltools.gnu-tools-for-stm32.7-2018-q2-update.linux64_1.0.0.201904181610/tools/bin/../lib/gcc/arm-none-eabi/7.3.1/../../../../arm-none-eabi/lib/thumb/v7e-m/fpv4-sp/hard/libc_nano.a(lib_a-init.o)
                0x0000000008003c44                __libc_init_array
 .text.memset   0x0000000008003c8c       0x10 /opt/st/stm32cubeide_1.3.0/plugins/com.st.stm32cube.ide.mcu.externaltools.gnu-tools-for-stm32.7-2018-q2-update.linux64_1.0.0.201904181610/tools/bin/../lib/gcc/arm-none-eabi/7.3.1/../../../../arm-none-eabi/lib/thumb/v7e-m/fpv4-sp/hard/libc_nano.a(lib_a-memset.o)
                0x0000000008003c8c                memset
 *(.glue_7)
 .glue_7        0x0000000008003c9c        0x0 linker stubs
 *(.glue_7t)
 .glue_7t       0x0000000008003c9c        0x0 linker stubs
 *(.eh_frame)
 .eh_frame      0x0000000008003c9c        0x0 /opt/st/stm32cubeide_1.3.0/plugins/com.st.stm32cube.ide.mcu.externaltools.gnu-tools-for-stm32.7-2018-q2-update.linux64_1.0.0.201904181610/tools/bin/../lib/gcc/arm-none-eabi/7.3.1/thumb/v7e-m/fpv4-sp/hard/crtbegin.o
 *(.init)
 .init          0x0000000008003c9c        0x4 /opt/st/stm32cubeide_1.3.0/plugins/com.st.stm32cube.ide.mcu.externaltools.gnu-tools-for-stm32.7-2018-q2-update.linux64_1.0.0.201904181610/tools/bin/../lib/gcc/arm-none-eabi/7.3.1/thumb/v7e-m/fpv4-sp/hard/crti.o
                0x0000000008003c9c                _init
 .init          0x0000000008003ca0        0x8 /opt/st/stm32cubeide_1.3.0/plugins/com.st.stm32cube.ide.mcu.externaltools.gnu-tools-for-stm32.7-2018-q2-update.linux64_1.0.0.201904181610/tools/bin/../lib/gcc/arm-none-eabi/7.3.1/thumb/v7e-m/fpv4-sp/hard/crtn.o
 *(.fini)
 .fini          0x0000000008003ca8        0x4 /opt/st/stm32cubeide_1.3.0/plugins/com.st.stm32cube.ide.mcu.externaltools.gnu-tools-for-stm32.7-2018-q2-update.linux64_1.0.0.201904181610/tools/bin/../lib/gcc/arm-none-eabi/7.3.1/thumb/v7e-m/fpv4-sp/hard/crti.o
                0x0000000008003ca8                _fini
 .fini          0x0000000008003cac        0x8 /opt/st/stm32cubeide_1.3.0/plugins/com.st.stm32cube.ide.mcu.externaltools.gnu-tools-for-stm32.7-2018-q2-update.linux64_1.0.0.201904181610/tools/bin/../lib/gcc/arm-none-eabi/7.3.1/thumb/v7e-m/fpv4-sp/hard/crtn.o
                0x0000000008003cb4                . = ALIGN (0x4)
                0x0000000008003cb4                _etext = .

.vfp11_veneer   0x0000000008003cb4        0x0
 .vfp11_veneer  0x0000000008003cb4        0x0 linker stubs

.v4_bx          0x0000000008003cb4        0x0
 .v4_bx         0x0000000008003cb4        0x0 linker stubs

.iplt           0x0000000008003cb4        0x0
 .iplt          0x0000000008003cb4        0x0 /opt/st/stm32cubeide_1.3.0/plugins/com.st.stm32cube.ide.mcu.externaltools.gnu-tools-for-stm32.7-2018-q2-update.linux64_1.0.0.201904181610/tools/bin/../lib/gcc/arm-none-eabi/7.3.1/thumb/v7e-m/fpv4-sp/hard/crtbegin.o

.rodata         0x0000000008003cb4       0x18
                0x0000000008003cb4                . = ALIGN (0x4)
 *(.rodata)
 *(.rodata*)
 .rodata.AHBPrescTable
                0x0000000008003cb4       0x10 Core/Src/system_stm32f4xx.o
                0x0000000008003cb4                AHBPrescTable
 .rodata.APBPrescTable
                0x0000000008003cc4        0x8 Core/Src/system_stm32f4xx.o
                0x0000000008003cc4                APBPrescTable
                0x0000000008003ccc                . = ALIGN (0x4)

.ARM.extab      0x0000000008003ccc        0x0
                0x0000000008003ccc                . = ALIGN (0x4)
 *(.ARM.extab* .gnu.linkonce.armextab.*)
                0x0000000008003ccc                . = ALIGN (0x4)

.ARM            0x0000000008003ccc        0x8
                0x0000000008003ccc                . = ALIGN (0x4)
                0x0000000008003ccc                __exidx_start = .
 *(.ARM.exidx*)
 .ARM.exidx     0x0000000008003ccc        0x8 /opt/st/stm32cubeide_1.3.0/plugins/com.st.stm32cube.ide.mcu.externaltools.gnu-tools-for-stm32.7-2018-q2-update.linux64_1.0.0.201904181610/tools/bin/../lib/gcc/arm-none-eabi/7.3.1/thumb/v7e-m/fpv4-sp/hard/libgcc.a(_udivmoddi4.o)
                0x0000000008003cd4                __exidx_end = .
                0x0000000008003cd4                . = ALIGN (0x4)

.rel.dyn        0x0000000008003cd4        0x0
 .rel.iplt      0x0000000008003cd4        0x0 /opt/st/stm32cubeide_1.3.0/plugins/com.st.stm32cube.ide.mcu.externaltools.gnu-tools-for-stm32.7-2018-q2-update.linux64_1.0.0.201904181610/tools/bin/../lib/gcc/arm-none-eabi/7.3.1/thumb/v7e-m/fpv4-sp/hard/crtbegin.o

.preinit_array  0x0000000008003cd4        0x0
                0x0000000008003cd4                . = ALIGN (0x4)
                0x0000000008003cd4                PROVIDE (__preinit_array_start = .)
 *(.preinit_array*)
                0x0000000008003cd4                PROVIDE (__preinit_array_end = .)
                0x0000000008003cd4                . = ALIGN (0x4)

.init_array     0x0000000008003cd4        0x4
                0x0000000008003cd4                . = ALIGN (0x4)
                0x0000000008003cd4                PROVIDE (__init_array_start = .)
 *(SORT_BY_NAME(.init_array.*))
 *(.init_array*)
 .init_array    0x0000000008003cd4        0x4 /opt/st/stm32cubeide_1.3.0/plugins/com.st.stm32cube.ide.mcu.externaltools.gnu-tools-for-stm32.7-2018-q2-update.linux64_1.0.0.201904181610/tools/bin/../lib/gcc/arm-none-eabi/7.3.1/thumb/v7e-m/fpv4-sp/hard/crtbegin.o
                0x0000000008003cd8                PROVIDE (__init_array_end = .)
                0x0000000008003cd8                . = ALIGN (0x4)

.fini_array     0x0000000008003cd8        0x4
                0x0000000008003cd8                . = ALIGN (0x4)
                [!provide]                        PROVIDE (__fini_array_start = .)
 *(SORT_BY_NAME(.fini_array.*))
 *(.fini_array*)
 .fini_array    0x0000000008003cd8        0x4 /opt/st/stm32cubeide_1.3.0/plugins/com.st.stm32cube.ide.mcu.externaltools.gnu-tools-for-stm32.7-2018-q2-update.linux64_1.0.0.201904181610/tools/bin/../lib/gcc/arm-none-eabi/7.3.1/thumb/v7e-m/fpv4-sp/hard/crtbegin.o
                [!provide]                        PROVIDE (__fini_array_end = .)
                0x0000000008003cdc                . = ALIGN (0x4)
                0x0000000008003cdc                _sidata = LOADADDR (.data)

.data           0x0000000020000000       0x10 load address 0x0000000008003cdc
                0x0000000020000000                . = ALIGN (0x4)
                0x0000000020000000                _sdata = .
 *(.data)
 *(.data*)
 .data.resolve_status
                0x0000000020000000        0x1 Core/Src/stm32f4xx_it.o
                0x0000000020000000                resolve_status
 *fill*         0x0000000020000001        0x3 
 .data.SystemCoreClock
                0x0000000020000004        0x4 Core/Src/system_stm32f4xx.o
                0x0000000020000004                SystemCoreClock
 .data.uwTickPrio
                0x0000000020000008        0x4 Drivers/STM32F4xx_HAL_Driver/Src/stm32f4xx_hal.o
                0x0000000020000008                uwTickPrio
 .data.uwTickFreq
                0x000000002000000c        0x1 Drivers/STM32F4xx_HAL_Driver/Src/stm32f4xx_hal.o
                0x000000002000000c                uwTickFreq
                0x0000000020000010                . = ALIGN (0x4)
 *fill*         0x000000002000000d        0x3 
                0x0000000020000010                _edata = .

.igot.plt       0x0000000020000010        0x0 load address 0x0000000008003cec
 .igot.plt      0x0000000020000010        0x0 /opt/st/stm32cubeide_1.3.0/plugins/com.st.stm32cube.ide.mcu.externaltools.gnu-tools-for-stm32.7-2018-q2-update.linux64_1.0.0.201904181610/tools/bin/../lib/gcc/arm-none-eabi/7.3.1/thumb/v7e-m/fpv4-sp/hard/crtbegin.o
                0x0000000020000010                . = ALIGN (0x4)

.bss            0x0000000020000010      0x130 load address 0x0000000008003cec
                0x0000000020000010                _sbss = .
                0x0000000020000010                __bss_start__ = _sbss
 *(.bss)
 .bss           0x0000000020000010       0x1c /opt/st/stm32cubeide_1.3.0/plugins/com.st.stm32cube.ide.mcu.externaltools.gnu-tools-for-stm32.7-2018-q2-update.linux64_1.0.0.201904181610/tools/bin/../lib/gcc/arm-none-eabi/7.3.1/thumb/v7e-m/fpv4-sp/hard/crtbegin.o
 *(.bss*)
 *(COMMON)
 COMMON         0x000000002000002c       0x2f Core/Src/Manager.o
                0x000000002000002c                converter2
                0x0000000020000042                i
                0x0000000020000044                converter1
                0x000000002000005a                ret
 *fill*         0x000000002000005b        0x1 
 COMMON         0x000000002000005c        0x4 Core/Src/PWM.o
                0x000000002000005c                p
 COMMON         0x0000000020000060       0xc0 Core/Src/main.o
                0x0000000020000060                htim8
                0x00000000200000a0                htim1
                0x00000000200000e0                huart2
 COMMON         0x0000000020000120       0x19 Core/Src/stm32f4xx_it.o
                0x0000000020000120                transfer_length
                0x0000000020000121                next_mode
                0x0000000020000124                buf
                0x0000000020000138                cmd
 *fill*         0x0000000020000139        0x3 
 COMMON         0x000000002000013c        0x4 Drivers/STM32F4xx_HAL_Driver/Src/stm32f4xx_hal.o
                0x000000002000013c                uwTick
                0x0000000020000140                . = ALIGN (0x4)
                0x0000000020000140                _ebss = .
                0x0000000020000140                __bss_end__ = _ebss

._user_heap_stack
                0x0000000020000140      0x600 load address 0x0000000008003cec
                0x0000000020000140                . = ALIGN (0x8)
                0x0000000020000140                PROVIDE (end = .)
                [!provide]                        PROVIDE (_end = .)
                0x0000000020000340                . = (. + _Min_Heap_Size)
 *fill*         0x0000000020000140      0x200 
                0x0000000020000740                . = (. + _Min_Stack_Size)
 *fill*         0x0000000020000340      0x400 
                0x0000000020000740                . = ALIGN (0x8)

/DISCARD/
 libc.a(*)
 libm.a(*)
 libgcc.a(*)

.ARM.attributes
                0x0000000000000000       0x30
 *(.ARM.attributes)
 .ARM.attributes
                0x0000000000000000       0x22 /opt/st/stm32cubeide_1.3.0/plugins/com.st.stm32cube.ide.mcu.externaltools.gnu-tools-for-stm32.7-2018-q2-update.linux64_1.0.0.201904181610/tools/bin/../lib/gcc/arm-none-eabi/7.3.1/thumb/v7e-m/fpv4-sp/hard/crti.o
 .ARM.attributes
                0x0000000000000022       0x34 /opt/st/stm32cubeide_1.3.0/plugins/com.st.stm32cube.ide.mcu.externaltools.gnu-tools-for-stm32.7-2018-q2-update.linux64_1.0.0.201904181610/tools/bin/../lib/gcc/arm-none-eabi/7.3.1/thumb/v7e-m/fpv4-sp/hard/crtbegin.o
 .ARM.attributes
                0x0000000000000056       0x39 Core/Src/Manager.o
 .ARM.attributes
                0x000000000000008f       0x39 Core/Src/PWM.o
 .ARM.attributes
                0x00000000000000c8       0x39 Core/Src/main.o
 .ARM.attributes
                0x0000000000000101       0x39 Core/Src/stm32f4xx_hal_msp.o
 .ARM.attributes
                0x000000000000013a       0x39 Core/Src/stm32f4xx_it.o
 .ARM.attributes
                0x0000000000000173       0x39 Core/Src/system_stm32f4xx.o
 .ARM.attributes
                0x00000000000001ac       0x21 Core/Startup/startup_stm32f446retx.o
 .ARM.attributes
                0x00000000000001cd       0x39 Drivers/STM32F4xx_HAL_Driver/Src/stm32f4xx_hal.o
 .ARM.attributes
                0x0000000000000206       0x39 Drivers/STM32F4xx_HAL_Driver/Src/stm32f4xx_hal_cortex.o
 .ARM.attributes
                0x000000000000023f       0x39 Drivers/STM32F4xx_HAL_Driver/Src/stm32f4xx_hal_dma.o
 .ARM.attributes
                0x0000000000000278       0x39 Drivers/STM32F4xx_HAL_Driver/Src/stm32f4xx_hal_gpio.o
 .ARM.attributes
                0x00000000000002b1       0x39 Drivers/STM32F4xx_HAL_Driver/Src/stm32f4xx_hal_rcc.o
 .ARM.attributes
                0x00000000000002ea       0x39 Drivers/STM32F4xx_HAL_Driver/Src/stm32f4xx_hal_rcc_ex.o
 .ARM.attributes
                0x0000000000000323       0x39 Drivers/STM32F4xx_HAL_Driver/Src/stm32f4xx_hal_tim.o
 .ARM.attributes
                0x000000000000035c       0x39 Drivers/STM32F4xx_HAL_Driver/Src/stm32f4xx_hal_tim_ex.o
 .ARM.attributes
                0x0000000000000395       0x39 Drivers/STM32F4xx_HAL_Driver/Src/stm32f4xx_hal_uart.o
 .ARM.attributes
                0x00000000000003ce       0x34 /opt/st/stm32cubeide_1.3.0/plugins/com.st.stm32cube.ide.mcu.externaltools.gnu-tools-for-stm32.7-2018-q2-update.linux64_1.0.0.201904181610/tools/bin/../lib/gcc/arm-none-eabi/7.3.1/../../../../arm-none-eabi/lib/thumb/v7e-m/fpv4-sp/hard/libc_nano.a(lib_a-init.o)
 .ARM.attributes
                0x0000000000000402       0x34 /opt/st/stm32cubeide_1.3.0/plugins/com.st.stm32cube.ide.mcu.externaltools.gnu-tools-for-stm32.7-2018-q2-update.linux64_1.0.0.201904181610/tools/bin/../lib/gcc/arm-none-eabi/7.3.1/../../../../arm-none-eabi/lib/thumb/v7e-m/fpv4-sp/hard/libc_nano.a(lib_a-memset.o)
 .ARM.attributes
                0x0000000000000436       0x22 /opt/st/stm32cubeide_1.3.0/plugins/com.st.stm32cube.ide.mcu.externaltools.gnu-tools-for-stm32.7-2018-q2-update.linux64_1.0.0.201904181610/tools/bin/../lib/gcc/arm-none-eabi/7.3.1/thumb/v7e-m/fpv4-sp/hard/libgcc.a(_aeabi_uldivmod.o)
 .ARM.attributes
                0x0000000000000458       0x34 /opt/st/stm32cubeide_1.3.0/plugins/com.st.stm32cube.ide.mcu.externaltools.gnu-tools-for-stm32.7-2018-q2-update.linux64_1.0.0.201904181610/tools/bin/../lib/gcc/arm-none-eabi/7.3.1/thumb/v7e-m/fpv4-sp/hard/libgcc.a(_udivmoddi4.o)
 .ARM.attributes
                0x000000000000048c       0x22 /opt/st/stm32cubeide_1.3.0/plugins/com.st.stm32cube.ide.mcu.externaltools.gnu-tools-for-stm32.7-2018-q2-update.linux64_1.0.0.201904181610/tools/bin/../lib/gcc/arm-none-eabi/7.3.1/thumb/v7e-m/fpv4-sp/hard/libgcc.a(_dvmd_tls.o)
 .ARM.attributes
                0x00000000000004ae       0x22 /opt/st/stm32cubeide_1.3.0/plugins/com.st.stm32cube.ide.mcu.externaltools.gnu-tools-for-stm32.7-2018-q2-update.linux64_1.0.0.201904181610/tools/bin/../lib/gcc/arm-none-eabi/7.3.1/thumb/v7e-m/fpv4-sp/hard/crtn.o
OUTPUT(Test_project_udemy.elf elf32-littlearm)

.debug_info     0x0000000000000000     0xc90b
 .debug_info    0x0000000000000000      0x383 Core/Src/Manager.o
 .debug_info    0x0000000000000383      0x212 Core/Src/PWM.o
 .debug_info    0x0000000000000595     0x1a78 Core/Src/main.o
 .debug_info    0x000000000000200d      0xf3d Core/Src/stm32f4xx_hal_msp.o
 .debug_info    0x0000000000002f4a      0xf6a Core/Src/stm32f4xx_it.o
 .debug_info    0x0000000000003eb4      0x588 Core/Src/system_stm32f4xx.o
 .debug_info    0x000000000000443c       0x22 Core/Startup/startup_stm32f446retx.o
 .debug_info    0x000000000000445e      0x997 Drivers/STM32F4xx_HAL_Driver/Src/stm32f4xx_hal.o
 .debug_info    0x0000000000004df5      0xe46 Drivers/STM32F4xx_HAL_Driver/Src/stm32f4xx_hal_cortex.o
 .debug_info    0x0000000000005c3b      0x968 Drivers/STM32F4xx_HAL_Driver/Src/stm32f4xx_hal_dma.o
 .debug_info    0x00000000000065a3      0x803 Drivers/STM32F4xx_HAL_Driver/Src/stm32f4xx_hal_gpio.o
 .debug_info    0x0000000000006da6      0x944 Drivers/STM32F4xx_HAL_Driver/Src/stm32f4xx_hal_rcc.o
 .debug_info    0x00000000000076ea      0x9d5 Drivers/STM32F4xx_HAL_Driver/Src/stm32f4xx_hal_rcc_ex.o
 .debug_info    0x00000000000080bf     0x24a9 Drivers/STM32F4xx_HAL_Driver/Src/stm32f4xx_hal_tim.o
 .debug_info    0x000000000000a568     0x1157 Drivers/STM32F4xx_HAL_Driver/Src/stm32f4xx_hal_tim_ex.o
 .debug_info    0x000000000000b6bf     0x124c Drivers/STM32F4xx_HAL_Driver/Src/stm32f4xx_hal_uart.o

.debug_abbrev   0x0000000000000000     0x1d96
 .debug_abbrev  0x0000000000000000      0x18c Core/Src/Manager.o
 .debug_abbrev  0x000000000000018c       0xf1 Core/Src/PWM.o
 .debug_abbrev  0x000000000000027d      0x29b Core/Src/main.o
 .debug_abbrev  0x0000000000000518      0x1cf Core/Src/stm32f4xx_hal_msp.o
 .debug_abbrev  0x00000000000006e7      0x22e Core/Src/stm32f4xx_it.o
 .debug_abbrev  0x0000000000000915      0x12b Core/Src/system_stm32f4xx.o
 .debug_abbrev  0x0000000000000a40       0x12 Core/Startup/startup_stm32f446retx.o
 .debug_abbrev  0x0000000000000a52      0x1c7 Drivers/STM32F4xx_HAL_Driver/Src/stm32f4xx_hal.o
 .debug_abbrev  0x0000000000000c19      0x2fa Drivers/STM32F4xx_HAL_Driver/Src/stm32f4xx_hal_cortex.o
 .debug_abbrev  0x0000000000000f13      0x229 Drivers/STM32F4xx_HAL_Driver/Src/stm32f4xx_hal_dma.o
 .debug_abbrev  0x000000000000113c      0x1c9 Drivers/STM32F4xx_HAL_Driver/Src/stm32f4xx_hal_gpio.o
 .debug_abbrev  0x0000000000001305      0x245 Drivers/STM32F4xx_HAL_Driver/Src/stm32f4xx_hal_rcc.o
 .debug_abbrev  0x000000000000154a      0x1bc Drivers/STM32F4xx_HAL_Driver/Src/stm32f4xx_hal_rcc_ex.o
 .debug_abbrev  0x0000000000001706      0x230 Drivers/STM32F4xx_HAL_Driver/Src/stm32f4xx_hal_tim.o
 .debug_abbrev  0x0000000000001936      0x21e Drivers/STM32F4xx_HAL_Driver/Src/stm32f4xx_hal_tim_ex.o
 .debug_abbrev  0x0000000000001b54      0x242 Drivers/STM32F4xx_HAL_Driver/Src/stm32f4xx_hal_uart.o

.debug_aranges  0x0000000000000000      0xc98
 .debug_aranges
                0x0000000000000000       0x40 Core/Src/Manager.o
 .debug_aranges
                0x0000000000000040       0x30 Core/Src/PWM.o
 .debug_aranges
                0x0000000000000070       0x58 Core/Src/main.o
 .debug_aranges
                0x00000000000000c8       0x48 Core/Src/stm32f4xx_hal_msp.o
 .debug_aranges
                0x0000000000000110       0x80 Core/Src/stm32f4xx_it.o
 .debug_aranges
                0x0000000000000190       0x28 Core/Src/system_stm32f4xx.o
 .debug_aranges
                0x00000000000001b8       0x28 Core/Startup/startup_stm32f446retx.o
 .debug_aranges
                0x00000000000001e0       0xf0 Drivers/STM32F4xx_HAL_Driver/Src/stm32f4xx_hal.o
 .debug_aranges
                0x00000000000002d0      0x118 Drivers/STM32F4xx_HAL_Driver/Src/stm32f4xx_hal_cortex.o
 .debug_aranges
                0x00000000000003e8       0x90 Drivers/STM32F4xx_HAL_Driver/Src/stm32f4xx_hal_dma.o
 .debug_aranges
                0x0000000000000478       0x58 Drivers/STM32F4xx_HAL_Driver/Src/stm32f4xx_hal_gpio.o
 .debug_aranges
                0x00000000000004d0       0x88 Drivers/STM32F4xx_HAL_Driver/Src/stm32f4xx_hal_rcc.o
 .debug_aranges
                0x0000000000000558       0x78 Drivers/STM32F4xx_HAL_Driver/Src/stm32f4xx_hal_rcc_ex.o
 .debug_aranges
                0x00000000000005d0      0x3a8 Drivers/STM32F4xx_HAL_Driver/Src/stm32f4xx_hal_tim.o
 .debug_aranges
                0x0000000000000978      0x150 Drivers/STM32F4xx_HAL_Driver/Src/stm32f4xx_hal_tim_ex.o
 .debug_aranges
                0x0000000000000ac8      0x1d0 Drivers/STM32F4xx_HAL_Driver/Src/stm32f4xx_hal_uart.o

.debug_ranges   0x0000000000000000      0xba0
 .debug_ranges  0x0000000000000000       0x30 Core/Src/Manager.o
 .debug_ranges  0x0000000000000030       0x20 Core/Src/PWM.o
 .debug_ranges  0x0000000000000050       0x48 Core/Src/main.o
 .debug_ranges  0x0000000000000098       0x38 Core/Src/stm32f4xx_hal_msp.o
 .debug_ranges  0x00000000000000d0       0x70 Core/Src/stm32f4xx_it.o
 .debug_ranges  0x0000000000000140       0x18 Core/Src/system_stm32f4xx.o
 .debug_ranges  0x0000000000000158       0x20 Core/Startup/startup_stm32f446retx.o
 .debug_ranges  0x0000000000000178       0xe0 Drivers/STM32F4xx_HAL_Driver/Src/stm32f4xx_hal.o
 .debug_ranges  0x0000000000000258      0x108 Drivers/STM32F4xx_HAL_Driver/Src/stm32f4xx_hal_cortex.o
 .debug_ranges  0x0000000000000360       0x80 Drivers/STM32F4xx_HAL_Driver/Src/stm32f4xx_hal_dma.o
 .debug_ranges  0x00000000000003e0       0x48 Drivers/STM32F4xx_HAL_Driver/Src/stm32f4xx_hal_gpio.o
 .debug_ranges  0x0000000000000428       0x78 Drivers/STM32F4xx_HAL_Driver/Src/stm32f4xx_hal_rcc.o
 .debug_ranges  0x00000000000004a0       0x68 Drivers/STM32F4xx_HAL_Driver/Src/stm32f4xx_hal_rcc_ex.o
 .debug_ranges  0x0000000000000508      0x398 Drivers/STM32F4xx_HAL_Driver/Src/stm32f4xx_hal_tim.o
 .debug_ranges  0x00000000000008a0      0x140 Drivers/STM32F4xx_HAL_Driver/Src/stm32f4xx_hal_tim_ex.o
 .debug_ranges  0x00000000000009e0      0x1c0 Drivers/STM32F4xx_HAL_Driver/Src/stm32f4xx_hal_uart.o

.debug_macro    0x0000000000000000    0x221a7
 .debug_macro   0x0000000000000000      0x20e Core/Src/Manager.o
 .debug_macro   0x000000000000020e      0xa5a Core/Src/Manager.o
 .debug_macro   0x0000000000000c68      0x18a Core/Src/Manager.o
 .debug_macro   0x0000000000000df2       0x2e Core/Src/Manager.o
 .debug_macro   0x0000000000000e20       0x28 Core/Src/Manager.o
 .debug_macro   0x0000000000000e48       0x22 Core/Src/Manager.o
 .debug_macro   0x0000000000000e6a       0x8e Core/Src/Manager.o
 .debug_macro   0x0000000000000ef8       0x51 Core/Src/Manager.o
 .debug_macro   0x0000000000000f49       0xef Core/Src/Manager.o
 .debug_macro   0x0000000000001038       0x6a Core/Src/Manager.o
 .debug_macro   0x00000000000010a2      0x1df Core/Src/Manager.o
 .debug_macro   0x0000000000001281       0x1c Core/Src/Manager.o
 .debug_macro   0x000000000000129d       0x22 Core/Src/Manager.o
 .debug_macro   0x00000000000012bf       0xdf Core/Src/Manager.o
 .debug_macro   0x000000000000139e     0x102d Core/Src/Manager.o
 .debug_macro   0x00000000000023cb      0x11f Core/Src/Manager.o
 .debug_macro   0x00000000000024ea    0x1672d Core/Src/Manager.o
 .debug_macro   0x0000000000018c17       0x43 Core/Src/Manager.o
 .debug_macro   0x0000000000018c5a     0x3659 Core/Src/Manager.o
 .debug_macro   0x000000000001c2b3      0x174 Core/Src/Manager.o
 .debug_macro   0x000000000001c427       0x5a Core/Src/Manager.o
 .debug_macro   0x000000000001c481      0xc90 Core/Src/Manager.o
 .debug_macro   0x000000000001d111      0x9fe Core/Src/Manager.o
 .debug_macro   0x000000000001db0f      0x16d Core/Src/Manager.o
 .debug_macro   0x000000000001dc7c      0x117 Core/Src/Manager.o
 .debug_macro   0x000000000001dd93      0x1a0 Core/Src/Manager.o
 .debug_macro   0x000000000001df33       0x27 Core/Src/Manager.o
 .debug_macro   0x000000000001df5a      0x287 Core/Src/Manager.o
 .debug_macro   0x000000000001e1e1       0x5f Core/Src/Manager.o
 .debug_macro   0x000000000001e240      0x236 Core/Src/Manager.o
 .debug_macro   0x000000000001e476      0x132 Core/Src/Manager.o
 .debug_macro   0x000000000001e5a8      0x29c Core/Src/Manager.o
 .debug_macro   0x000000000001e844       0x2e Core/Src/Manager.o
 .debug_macro   0x000000000001e872      0x11a Core/Src/Manager.o
 .debug_macro   0x000000000001e98c       0xe8 Core/Src/Manager.o
 .debug_macro   0x000000000001ea74       0x89 Core/Src/Manager.o
 .debug_macro   0x000000000001eafd      0x8a0 Core/Src/Manager.o
 .debug_macro   0x000000000001f39d       0x4d Core/Src/Manager.o
 .debug_macro   0x000000000001f3ea      0x287 Core/Src/Manager.o
 .debug_macro   0x000000000001f671      0x126 Core/Src/Manager.o
 .debug_macro   0x000000000001f797       0x10 Core/Src/Manager.o
 .debug_macro   0x000000000001f7a7       0x22 Core/Src/Manager.o
 .debug_macro   0x000000000001f7c9       0x9a Core/Src/Manager.o
 .debug_macro   0x000000000001f863       0x16 Core/Src/Manager.o
 .debug_macro   0x000000000001f879      0x250 Core/Src/PWM.o
 .debug_macro   0x000000000001fac9       0x94 Core/Src/PWM.o
 .debug_macro   0x000000000001fb5d      0x37b Core/Src/main.o
 .debug_macro   0x000000000001fed8       0x46 Core/Src/main.o
 .debug_macro   0x000000000001ff1e       0x18 Core/Src/main.o
 .debug_macro   0x000000000001ff36       0x3c Core/Src/main.o
 .debug_macro   0x000000000001ff72       0x34 Core/Src/main.o
 .debug_macro   0x000000000001ffa6       0x52 Core/Src/main.o
 .debug_macro   0x000000000001fff8       0x1f Core/Src/main.o
 .debug_macro   0x0000000000020017       0x43 Core/Src/main.o
 .debug_macro   0x000000000002005a       0x20 Core/Src/main.o
 .debug_macro   0x000000000002007a      0x1a3 Core/Src/main.o
 .debug_macro   0x000000000002021d      0x32a Core/Src/main.o
 .debug_macro   0x0000000000020547       0x10 Core/Src/main.o
 .debug_macro   0x0000000000020557       0x35 Core/Src/main.o
 .debug_macro   0x000000000002058c       0x20 Core/Src/main.o
 .debug_macro   0x00000000000205ac       0x1c Core/Src/main.o
 .debug_macro   0x00000000000205c8       0x10 Core/Src/main.o
 .debug_macro   0x00000000000205d8       0x10 Core/Src/main.o
 .debug_macro   0x00000000000205e8       0x1c Core/Src/main.o
 .debug_macro   0x0000000000020604       0x52 Core/Src/main.o
 .debug_macro   0x0000000000020656       0x40 Core/Src/main.o
 .debug_macro   0x0000000000020696       0x10 Core/Src/main.o
 .debug_macro   0x00000000000206a6       0x40 Core/Src/main.o
 .debug_macro   0x00000000000206e6       0xd7 Core/Src/main.o
 .debug_macro   0x00000000000207bd       0x1c Core/Src/main.o
 .debug_macro   0x00000000000207d9       0x3d Core/Src/main.o
 .debug_macro   0x0000000000020816       0x16 Core/Src/main.o
 .debug_macro   0x000000000002082c      0x145 Core/Src/main.o
 .debug_macro   0x0000000000020971      0x1dd Core/Src/stm32f4xx_hal_msp.o
 .debug_macro   0x0000000000020b4e      0x385 Core/Src/stm32f4xx_it.o
 .debug_macro   0x0000000000020ed3      0x1d4 Core/Src/system_stm32f4xx.o
 .debug_macro   0x00000000000210a7      0x22e Drivers/STM32F4xx_HAL_Driver/Src/stm32f4xx_hal.o
 .debug_macro   0x00000000000212d5      0x1ce Drivers/STM32F4xx_HAL_Driver/Src/stm32f4xx_hal_cortex.o
 .debug_macro   0x00000000000214a3      0x1d4 Drivers/STM32F4xx_HAL_Driver/Src/stm32f4xx_hal_dma.o
 .debug_macro   0x0000000000021677      0x204 Drivers/STM32F4xx_HAL_Driver/Src/stm32f4xx_hal_gpio.o
 .debug_macro   0x000000000002187b      0x1f2 Drivers/STM32F4xx_HAL_Driver/Src/stm32f4xx_hal_rcc.o
 .debug_macro   0x0000000000021a6d      0x1ce Drivers/STM32F4xx_HAL_Driver/Src/stm32f4xx_hal_rcc_ex.o
 .debug_macro   0x0000000000021c3b      0x1cf Drivers/STM32F4xx_HAL_Driver/Src/stm32f4xx_hal_tim.o
 .debug_macro   0x0000000000021e0a      0x1ce Drivers/STM32F4xx_HAL_Driver/Src/stm32f4xx_hal_tim_ex.o
 .debug_macro   0x0000000000021fd8      0x1cf Drivers/STM32F4xx_HAL_Driver/Src/stm32f4xx_hal_uart.o

.debug_line     0x0000000000000000     0x9da1
 .debug_line    0x0000000000000000      0x785 Core/Src/Manager.o
 .debug_line    0x0000000000000785      0x70b Core/Src/PWM.o
 .debug_line    0x0000000000000e90      0x9ae Core/Src/main.o
 .debug_line    0x000000000000183e      0x733 Core/Src/stm32f4xx_hal_msp.o
 .debug_line    0x0000000000001f71      0x9a6 Core/Src/stm32f4xx_it.o
 .debug_line    0x0000000000002917      0x6b8 Core/Src/system_stm32f4xx.o
 .debug_line    0x0000000000002fcf       0x85 Core/Startup/startup_stm32f446retx.o
 .debug_line    0x0000000000003054      0x8a2 Drivers/STM32F4xx_HAL_Driver/Src/stm32f4xx_hal.o
 .debug_line    0x00000000000038f6      0x9c6 Drivers/STM32F4xx_HAL_Driver/Src/stm32f4xx_hal_cortex.o
 .debug_line    0x00000000000042bc      0x970 Drivers/STM32F4xx_HAL_Driver/Src/stm32f4xx_hal_dma.o
 .debug_line    0x0000000000004c2c      0x86d Drivers/STM32F4xx_HAL_Driver/Src/stm32f4xx_hal_gpio.o
 .debug_line    0x0000000000005499      0x8fa Drivers/STM32F4xx_HAL_Driver/Src/stm32f4xx_hal_rcc.o
 .debug_line    0x0000000000005d93      0xa8b Drivers/STM32F4xx_HAL_Driver/Src/stm32f4xx_hal_rcc_ex.o
 .debug_line    0x000000000000681e     0x191b Drivers/STM32F4xx_HAL_Driver/Src/stm32f4xx_hal_tim.o
 .debug_line    0x0000000000008139      0xcb8 Drivers/STM32F4xx_HAL_Driver/Src/stm32f4xx_hal_tim_ex.o
 .debug_line    0x0000000000008df1      0xfb0 Drivers/STM32F4xx_HAL_Driver/Src/stm32f4xx_hal_uart.o

.debug_str      0x0000000000000000    0xcf510
 .debug_str     0x0000000000000000    0xc77a4 Core/Src/Manager.o
                                      0xc7a60 (size before relaxing)
 .debug_str     0x00000000000c77a4      0x117 Core/Src/PWM.o
                                      0xc7a2b (size before relaxing)
 .debug_str     0x00000000000c78bb     0x5031 Core/Src/main.o
                                      0xcca55 (size before relaxing)
 .debug_str     0x00000000000cc8ec       0xa5 Core/Src/stm32f4xx_hal_msp.o
                                      0xc846c (size before relaxing)
 .debug_str     0x00000000000cc991      0x11c Core/Src/stm32f4xx_it.o
                                      0xcbf68 (size before relaxing)
 .debug_str     0x00000000000ccaad       0xc4 Core/Src/system_stm32f4xx.o
                                      0xc78d9 (size before relaxing)
 .debug_str     0x00000000000ccb71       0x36 Core/Startup/startup_stm32f446retx.o
                                         0x7c (size before relaxing)
 .debug_str     0x00000000000ccba7      0x58d Drivers/STM32F4xx_HAL_Driver/Src/stm32f4xx_hal.o
                                      0xc83e7 (size before relaxing)
 .debug_str     0x00000000000cd134      0x399 Drivers/STM32F4xx_HAL_Driver/Src/stm32f4xx_hal_cortex.o
                                      0xc81b1 (size before relaxing)
 .debug_str     0x00000000000cd4cd      0x31d Drivers/STM32F4xx_HAL_Driver/Src/stm32f4xx_hal_dma.o
                                      0xc7cc9 (size before relaxing)
 .debug_str     0x00000000000cd7ea      0x20c Drivers/STM32F4xx_HAL_Driver/Src/stm32f4xx_hal_gpio.o
                                      0xc7b18 (size before relaxing)
 .debug_str     0x00000000000cd9f6      0x259 Drivers/STM32F4xx_HAL_Driver/Src/stm32f4xx_hal_rcc.o
                                      0xc7ccb (size before relaxing)
 .debug_str     0x00000000000cdc4f      0x31a Drivers/STM32F4xx_HAL_Driver/Src/stm32f4xx_hal_rcc_ex.o
                                      0xc7d1d (size before relaxing)
 .debug_str     0x00000000000cdf69      0xcb3 Drivers/STM32F4xx_HAL_Driver/Src/stm32f4xx_hal_tim.o
                                      0xc89c0 (size before relaxing)
 .debug_str     0x00000000000cec1c      0x40e Drivers/STM32F4xx_HAL_Driver/Src/stm32f4xx_hal_tim_ex.o
                                      0xc81c0 (size before relaxing)
 .debug_str     0x00000000000cf02a      0x4e6 Drivers/STM32F4xx_HAL_Driver/Src/stm32f4xx_hal_uart.o
                                      0xc8100 (size before relaxing)

.comment        0x0000000000000000       0x7b
 .comment       0x0000000000000000       0x7b Core/Src/Manager.o
                                         0x7c (size before relaxing)
 .comment       0x000000000000007b       0x7c Core/Src/PWM.o
 .comment       0x000000000000007b       0x7c Core/Src/main.o
 .comment       0x000000000000007b       0x7c Core/Src/stm32f4xx_hal_msp.o
 .comment       0x000000000000007b       0x7c Core/Src/stm32f4xx_it.o
 .comment       0x000000000000007b       0x7c Core/Src/system_stm32f4xx.o
 .comment       0x000000000000007b       0x7c Drivers/STM32F4xx_HAL_Driver/Src/stm32f4xx_hal.o
 .comment       0x000000000000007b       0x7c Drivers/STM32F4xx_HAL_Driver/Src/stm32f4xx_hal_cortex.o
 .comment       0x000000000000007b       0x7c Drivers/STM32F4xx_HAL_Driver/Src/stm32f4xx_hal_dma.o
 .comment       0x000000000000007b       0x7c Drivers/STM32F4xx_HAL_Driver/Src/stm32f4xx_hal_gpio.o
 .comment       0x000000000000007b       0x7c Drivers/STM32F4xx_HAL_Driver/Src/stm32f4xx_hal_rcc.o
 .comment       0x000000000000007b       0x7c Drivers/STM32F4xx_HAL_Driver/Src/stm32f4xx_hal_rcc_ex.o
 .comment       0x000000000000007b       0x7c Drivers/STM32F4xx_HAL_Driver/Src/stm32f4xx_hal_tim.o
 .comment       0x000000000000007b       0x7c Drivers/STM32F4xx_HAL_Driver/Src/stm32f4xx_hal_tim_ex.o
 .comment       0x000000000000007b       0x7c Drivers/STM32F4xx_HAL_Driver/Src/stm32f4xx_hal_uart.o

.debug_frame    0x0000000000000000     0x345c
 .debug_frame   0x0000000000000000       0xcc Core/Src/Manager.o
 .debug_frame   0x00000000000000cc       0x88 Core/Src/PWM.o
 .debug_frame   0x0000000000000154      0x118 Core/Src/main.o
 .debug_frame   0x000000000000026c       0xec Core/Src/stm32f4xx_hal_msp.o
 .debug_frame   0x0000000000000358      0x194 Core/Src/stm32f4xx_it.o
 .debug_frame   0x00000000000004ec       0x58 Core/Src/system_stm32f4xx.o
 .debug_frame   0x0000000000000544      0x374 Drivers/STM32F4xx_HAL_Driver/Src/stm32f4xx_hal.o
 .debug_frame   0x00000000000008b8      0x498 Drivers/STM32F4xx_HAL_Driver/Src/stm32f4xx_hal_cortex.o
 .debug_frame   0x0000000000000d50      0x250 Drivers/STM32F4xx_HAL_Driver/Src/stm32f4xx_hal_dma.o
 .debug_frame   0x0000000000000fa0      0x14c Drivers/STM32F4xx_HAL_Driver/Src/stm32f4xx_hal_gpio.o
 .debug_frame   0x00000000000010ec      0x1f0 Drivers/STM32F4xx_HAL_Driver/Src/stm32f4xx_hal_rcc.o
 .debug_frame   0x00000000000012dc      0x1e0 Drivers/STM32F4xx_HAL_Driver/Src/stm32f4xx_hal_rcc_ex.o
 .debug_frame   0x00000000000014bc     0x10f0 Drivers/STM32F4xx_HAL_Driver/Src/stm32f4xx_hal_tim.o
 .debug_frame   0x00000000000025ac      0x5c0 Drivers/STM32F4xx_HAL_Driver/Src/stm32f4xx_hal_tim_ex.o
 .debug_frame   0x0000000000002b6c      0x844 Drivers/STM32F4xx_HAL_Driver/Src/stm32f4xx_hal_uart.o
 .debug_frame   0x00000000000033b0       0x2c /opt/st/stm32cubeide_1.3.0/plugins/com.st.stm32cube.ide.mcu.externaltools.gnu-tools-for-stm32.7-2018-q2-update.linux64_1.0.0.201904181610/tools/bin/../lib/gcc/arm-none-eabi/7.3.1/../../../../arm-none-eabi/lib/thumb/v7e-m/fpv4-sp/hard/libc_nano.a(lib_a-init.o)
 .debug_frame   0x00000000000033dc       0x20 /opt/st/stm32cubeide_1.3.0/plugins/com.st.stm32cube.ide.mcu.externaltools.gnu-tools-for-stm32.7-2018-q2-update.linux64_1.0.0.201904181610/tools/bin/../lib/gcc/arm-none-eabi/7.3.1/../../../../arm-none-eabi/lib/thumb/v7e-m/fpv4-sp/hard/libc_nano.a(lib_a-memset.o)
 .debug_frame   0x00000000000033fc       0x2c /opt/st/stm32cubeide_1.3.0/plugins/com.st.stm32cube.ide.mcu.externaltools.gnu-tools-for-stm32.7-2018-q2-update.linux64_1.0.0.201904181610/tools/bin/../lib/gcc/arm-none-eabi/7.3.1/thumb/v7e-m/fpv4-sp/hard/libgcc.a(_aeabi_uldivmod.o)
 .debug_frame   0x0000000000003428       0x34 /opt/st/stm32cubeide_1.3.0/plugins/com.st.stm32cube.ide.mcu.externaltools.gnu-tools-for-stm32.7-2018-q2-update.linux64_1.0.0.201904181610/tools/bin/../lib/gcc/arm-none-eabi/7.3.1/thumb/v7e-m/fpv4-sp/hard/libgcc.a(_udivmoddi4.o)
